data/history/5660743161.csv
time,date,itemid,price,discount,price_before_discount,stock,sold,item_status,cmt_count,liked_count
1641476621,20220106,5660743161,3099000000000,,0,0,3,sold_out,462,3142
1641478245,20220106,5660743161,3099000000000,,0,0,3,sold_out,462,3142
1641479804,20220106,5660743161,3099000000000,,0,0,3,sold_out,462,3142
1641481908,20220106,5660743161,3099000000000,,0,0,3,sold_out,462,3142
1641483745,20220106,5660743161,3099000000000,,0,0,3,sold_out,462,3142
1641485841,20220106,5660743161,3099000000000,,0,0,3,sold_out,462,3142
1641488523,20220106,5660743161,3099000000000,,0,0,3,sold_out,462,3142
1641491183,20220106,5660743161,3099000000000,,0,0,3,sold_out,462,3142
1641492818,20220106,5660743161,3099000000000,,0,0,3,sold_out,462,3142
1641494654,20220106,5660743161,3099000000000,,0,0,3,sold_out,462,3142
1641496190,20220106,5660743161,3099000000000,,0,0,3,sold_out,462,3142
1641497675,20220106,5660743161,3099000000000,,0,0,3,sold_out,462,3140
1641499899,20220106,5660743161,3099000000000,,0,0,3,sold_out,462,3140
1641501498,20220106,5660743161,3099000000000,,0,0,3,sold_out,462,3140
1641503412,20220106,5660743161,3099000000000,,0,0,3,sold_out,462,3140
1641505029,20220106,5660743161,3099000000000,,0,0,3,sold_out,462,3140
1641507097,20220106,5660743161,3099000000000,,0,0,3,sold_out,462,3140
1641508768,20220106,5660743161,3099000000000,,0,0,3,sold_out,462,3140
1641510698,20220106,5660743161,3099000000000,,0,0,3,sold_out,462,3140
1641512374,20220106,5660743161,3099000000000,,0,0,3,sold_out,462,3140
1641516202,20220107,5660743161,3099000000000,,0,0,3,sold_out,462,3140
1641521266,20220107,5660743161,3099000000000,,0,0,3,sold_out,462,3140
1641524158,20220107,5660743161,3099000000000,,0,0,3,sold_out,462,3140
1641525358,20220107,5660743161,3099000000000,,0,0,3,sold_out,462,3140
1641526903,20220107,5660743161,3099000000000,,0,0,3,sold_out,462,3140
1641546711,20220107,5660743161,2400000000000,23%,3099000000000,0,3,sold_out,462,3140
1641581087,20220107,5660743161,2400000000000,23%,3099000000000,0,3,sold_out,462,3139
1641602419,20220108,5660743161,2400000000000,23%,3099000000000,0,3,sold_out,462,3139
1641644256,20220108,5660743161,2400000000000,23%,3099000000000,0,3,sold_out,462,3140
1641650999,20220108,5660743161,2400000000000,23%,3099000000000,0,3,sold_out,462,3141
1641674309,20220108,5660743161,2400000000000,23%,3099000000000,0,4,sold_out,462,3141
1641688929,20220109,5660743161,2400000000000,23%,3099000000000,0,4,sold_out,462,3141
1641726555,20220109,5660743161,2400000000000,23%,3099000000000,0,4,sold_out,462,3140
1641749370,20220109,5660743161,2400000000000,23%,3099000000000,0,4,sold_out,462,3139
1641775197,20220110,5660743161,2400000000000,23%,3099000000000,0,4,sold_out,462,3139
1641797219,20220110,5660743161,2400000000000,23%,3099000000000,0,4,sold_out,462,3140
1641811321,20220110,5660743161,2400000000000,23%,3099000000000,0,4,sold_out,462,3139
1641825429,20220110,5660743161,2400000000000,23%,3099000000000,0,4,sold_out,462,3140
1641861724,20220111,5660743161,2400000000000,23%,3099000000000,0,4,sold_out,462,3140
1641866594,20220111,5660743161,2400000000000,23%,3099000000000,0,4,sold_out,462,3141
1641931889,20220111,5660743161,2400000000000,23%,3099000000000,0,1,sold_out,462,3141
1641948095,20220112,5660743161,2400000000000,23%,3099000000000,0,1,sold_out,462,3141
1641975247,20220112,5660743161,2400000000000,23%,3099000000000,0,1,sold_out,462,3140
1641980366,20220112,5660743161,2400000000000,23%,3099000000000,0,1,sold_out,462,3141
1642034582,20220113,5660743161,2400000000000,23%,3099000000000,0,1,sold_out,462,3141
1642052227,20220113,5660743161,2400000000000,23%,3099000000000,0,1,sold_out,462,3142
1642090863,20220113,5660743161,2400000000000,23%,3099000000000,0,1,sold_out,462,3141
1642120929,20220114,5660743161,2400000000000,23%,3099000000000,0,1,sold_out,462,3141
1642185909,20220114,5660743161,2400000000000,23%,3099000000000,0,1,sold_out,462,3140
1642207204,20220115,5660743161,2400000000000,23%,3099000000000,0,1,sold_out,462,3140
1642215347,20220115,5660743161,2400000000000,23%,3099000000000,0,1,sold_out,462,3141
1642267754,20220115,5660743161,2400000000000,23%,3099000000000,0,1,sold_out,462,3140
1642272219,20220115,5660743161,2400000000000,23%,3099000000000,0,1,sold_out,462,3139
1642293774,20220116,5660743161,2400000000000,23%,3099000000000,0,1,sold_out,462,3139
1642380070,20220117,5660743161,2400000000000,23%,3099000000000,0,1,sold_out,462,3139
1642385032,20220117,5660743161,2400000000000,23%,3099000000000,0,1,sold_out,462,3137
1642411069,20220117,5660743161,2400000000000,23%,3099000000000,0,1,sold_out,462,3138
1642414660,20220117,5660743161,2400000000000,23%,3099000000000,0,1,sold_out,462,3137
1642419340,20220117,5660743161,2400000000000,23%,3099000000000,0,1,sold_out,462,3136
1642466577,20220118,5660743161,2400000000000,23%,3099000000000,0,1,sold_out,462,3136
1642489924,20220118,5660743161,2400000000000,23%,3099000000000,0,1,sold_out,462,3137
1642512878,20220118,5660743161,2400000000000,23%,3099000000000,0,1,sold_out,462,3138
1642552623,20220119,5660743161,2400000000000,23%,3099000000000,0,1,sold_out,462,3138
1642557096,20220119,5660743161,2400000000000,23%,3099000000000,0,1,sold_out,462,3139
1642609047,20220119,5660743161,2400000000000,23%,3099000000000,0,1,sold_out,462,3140
1642611342,20220119,5660743161,2400000000000,23%,3099000000000,0,1,sold_out,462,3141
1642619347,20220119,5660743161,2400000000000,23%,3099000000000,0,1,sold_out,462,3142
1642623079,20220119,5660743161,2400000000000,23%,3099000000000,0,1,sold_out,462,3141
1642639502,20220120,5660743161,2400000000000,23%,3099000000000,0,1,sold_out,462,3141
1642695637,20220120,5660743161,2400000000000,23%,3099000000000,0,1,sold_out,462,3140
1642697982,20220120,5660743161,2400000000000,23%,3099000000000,0,1,sold_out,462,3141
1642716616,20220120,5660743161,2400000000000,23%,3099000000000,0,1,sold_out,462,3142
1642725438,20220121,5660743161,2400000000000,23%,3099000000000,0,1,sold_out,462,3142
1642759882,20220121,5660743161,2400000000000,23%,3099000000000,0,1,sold_out,462,3143
1642767432,20220121,5660743161,2400000000000,23%,3099000000000,0,1,sold_out,462,3142
1642769577,20220121,5660743161,2400000000000,23%,3099000000000,0,1,sold_out,462,3143
1642774197,20220121,5660743161,2400000000000,23%,3099000000000,0,1,sold_out,462,3144
1642788748,20220121,5660743161,2400000000000,23%,3099000000000,0,1,sold_out,462,3145
1642797281,20220121,5660743161,2400000000000,23%,3099000000000,0,1,sold_out,462,3144
1642799285,20220121,5660743161,2400000000000,23%,3099000000000,0,1,sold_out,462,3145
1642811835,20220122,5660743161,2400000000000,23%,3099000000000,0,1,sold_out,462,3145
1642894541,20220122,5660743161,2400000000000,23%,3099000000000,0,1,sold_out,462,3146
1642898285,20220123,5660743161,2400000000000,23%,3099000000000,0,1,sold_out,462,3146
1642908992,20220123,5660743161,2400000000000,23%,3099000000000,0,1,sold_out,462,3147
1642921851,20220123,5660743161,2400000000000,23%,3099000000000,0,1,sold_out,462,3148
1642940199,20220123,5660743161,2400000000000,23%,3099000000000,0,1,sold_out,462,3149
1642946981,20220123,5660743161,2400000000000,23%,3099000000000,0,1,sold_out,462,3150
1642961492,20220123,5660743161,2400000000000,23%,3099000000000,0,1,sold_out,462,3151
1642979406,20220123,5660743161,2400000000000,23%,3099000000000,0,1,sold_out,462,3152
1642984680,20220124,5660743161,2400000000000,23%,3099000000000,0,1,sold_out,462,3152
1642989572,20220124,5660743161,2400000000000,23%,3099000000000,0,1,sold_out,462,3153
1642994012,20220124,5660743161,2400000000000,23%,3099000000000,0,1,sold_out,462,3154
1643011986,20220124,5660743161,2400000000000,23%,3099000000000,0,1,sold_out,462,3155
1643017054,20220124,5660743161,2400000000000,23%,3099000000000,0,1,sold_out,462,3156
1643022730,20220124,5660743161,2400000000000,23%,3099000000000,0,1,sold_out,462,3157
1643044776,20220124,5660743161,2400000000000,23%,3099000000000,0,1,sold_out,462,3156
1643045954,20220124,5660743161,2400000000000,23%,3099000000000,0,1,sold_out,462,3155
1643047858,20220124,5660743161,2400000000000,23%,3099000000000,0,1,sold_out,462,3154
1643063775,20220124,5660743161,2400000000000,23%,3099000000000,0,1,sold_out,462,3155
1643071343,20220125,5660743161,2400000000000,23%,3099000000000,0,1,sold_out,462,3155
1643078231,20220125,5660743161,2400000000000,23%,3099000000000,0,1,sold_out,462,3156
1643099989,20220125,5660743161,2400000000000,23%,3099000000000,0,1,sold_out,462,3157
1643157807,20220126,5660743161,2400000000000,23%,3099000000000,0,1,sold_out,462,3157
1643177595,20220126,5660743161,2400000000000,23%,3099000000000,0,1,sold_out,462,3158
1643182442,20220126,5660743161,2400000000000,23%,3099000000000,0,1,sold_out,462,3160
1643188534,20220126,5660743161,2400000000000,23%,3099000000000,0,1,sold_out,462,3161
1643195676,20220126,5660743161,2400000000000,23%,3099000000000,0,1,sold_out,462,3162
1643199612,20220126,5660743161,2400000000000,23%,3099000000000,0,1,sold_out,462,3163
1643216238,20220126,5660743161,2400000000000,23%,3099000000000,0,1,sold_out,462,3162
1643243901,20220127,5660743161,2400000000000,23%,3099000000000,0,1,sold_out,462,3162
1643271204,20220127,5660743161,2400000000000,23%,3099000000000,0,1,sold_out,462,3163
1643296542,20220127,5660743161,2400000000000,23%,3099000000000,0,1,sold_out,462,3164
1643300438,20220127,5660743161,2400000000000,23%,3099000000000,0,1,sold_out,462,3165
1643330307,20220128,5660743161,2400000000000,23%,3099000000000,0,1,sold_out,462,3165
1643338187,20220128,5660743161,2400000000000,23%,3099000000000,0,1,sold_out,462,3166
1643369638,20220128,5660743161,2400000000000,23%,3099000000000,0,1,sold_out,462,3165
1643375621,20220128,5660743161,2400000000000,23%,3099000000000,0,1,sold_out,462,3166
1643405645,20220128,5660743161,2400000000000,23%,3099000000000,0,1,sold_out,462,3167
1643407806,20220128,5660743161,2400000000000,23%,3099000000000,0,1,sold_out,462,3168
1643411465,20220128,5660743161,2400000000000,23%,3099000000000,0,1,sold_out,462,3169
1643416549,20220129,5660743161,2400000000000,23%,3099000000000,0,1,sold_out,462,3169
1643424195,20220129,5660743161,2400000000000,23%,3099000000000,0,1,sold_out,462,3170
1643503130,20220130,5660743161,2400000000000,23%,3099000000000,0,1,sold_out,462,3170
1643509443,20220130,5660743161,2400000000000,23%,3099000000000,0,1,sold_out,462,3169
1643589481,20220131,5660743161,2400000000000,23%,3099000000000,0,1,sold_out,462,3169
1643636376,20220131,5660743161,2400000000000,23%,3099000000000,0,1,sold_out,462,3170
1643643818,20220131,5660743161,2400000000000,23%,3099000000000,0,1,sold_out,462,3171
1643676023,20220201,5660743161,2400000000000,23%,3099000000000,0,1,sold_out,462,3171
1643708262,20220201,5660743161,2400000000000,23%,3099000000000,0,1,sold_out,462,3170
1643726324,20220201,5660743161,2400000000000,23%,3099000000000,0,1,sold_out,462,3171
1643734777,20220201,5660743161,2400000000000,23%,3099000000000,0,1,sold_out,462,3172
1643742686,20220201,5660743161,2400000000000,23%,3099000000000,0,1,sold_out,462,3173
1643762439,20220202,5660743161,2400000000000,23%,3099000000000,0,1,sold_out,462,3173
1643778617,20220202,5660743161,2400000000000,23%,3099000000000,0,1,sold_out,462,3174
1643793033,20220202,5660743161,2400000000000,23%,3099000000000,0,1,sold_out,462,3175
1643807762,20220202,5660743161,2400000000000,23%,3099000000000,0,1,sold_out,462,3176
1643814940,20220202,5660743161,2400000000000,23%,3099000000000,0,1,sold_out,462,3175
1643848688,20220203,5660743161,2400000000000,23%,3099000000000,0,1,sold_out,462,3175
1643853059,20220203,5660743161,2400000000000,23%,3099000000000,0,1,sold_out,462,3176
1643890600,20220203,5660743161,2400000000000,23%,3099000000000,0,1,sold_out,462,3177
1643894052,20220203,5660743161,2400000000000,23%,3099000000000,0,1,sold_out,462,3179
1643935170,20220204,5660743161,2400000000000,23%,3099000000000,0,1,sold_out,462,3179
1643956553,20220204,5660743161,2400000000000,23%,3099000000000,0,1,sold_out,462,3178
1643976836,20220204,5660743161,2400000000000,23%,3099000000000,0,1,sold_out,462,3179
1643994546,20220204,5660743161,2400000000000,23%,3099000000000,0,1,sold_out,462,3178
1644005371,20220204,5660743161,2400000000000,23%,3099000000000,0,1,sold_out,462,3179
1644021219,20220205,5660743161,2400000000000,23%,3099000000000,0,1,sold_out,462,3179
1644041439,20220205,5660743161,2400000000000,23%,3099000000000,0,1,sold_out,462,3178
1644053630,20220205,5660743161,2400000000000,23%,3099000000000,0,1,sold_out,462,3179
1644055760,20220205,5660743161,2400000000000,23%,3099000000000,0,1,sold_out,462,3178
1644077512,20220205,5660743161,2400000000000,23%,3099000000000,0,1,sold_out,462,3179
1644095303,20220205,5660743161,2400000000000,23%,3099000000000,0,1,sold_out,462,3180
1644108392,20220206,5660743161,2400000000000,23%,3099000000000,0,1,sold_out,462,3180
1644124167,20220206,5660743161,2400000000000,23%,3099000000000,0,1,sold_out,462,3181
1644166263,20220206,5660743161,2400000000000,23%,3099000000000,0,1,sold_out,462,3182
1644171095,20220206,5660743161,2400000000000,23%,3099000000000,0,1,sold_out,462,3183
1644172731,20220206,5660743161,2400000000000,23%,3099000000000,0,1,sold_out,462,3184
1644181792,20220206,5660743161,2400000000000,23%,3099000000000,0,0,sold_out,462,3184
1644194393,20220207,5660743161,2400000000000,23%,3099000000000,0,0,sold_out,462,3185
1644200706,20220207,5660743161,2400000000000,23%,3099000000000,0,0,sold_out,462,3186
1644230555,20220207,5660743161,2400000000000,23%,3099000000000,0,0,sold_out,462,3185
1644246941,20220207,5660743161,2400000000000,23%,3099000000000,0,0,sold_out,462,3184
1644252858,20220207,5660743161,2400000000000,23%,3099000000000,0,0,sold_out,462,3185
1644268437,20220207,5660743161,2400000000000,23%,3099000000000,0,0,sold_out,462,3186
1644280856,20220208,5660743161,2400000000000,23%,3099000000000,0,0,sold_out,462,3186
1644345700,20220208,5660743161,2400000000000,23%,3099000000000,0,0,sold_out,462,3187
1644358379,20220208,5660743161,2400000000000,23%,3099000000000,0,0,sold_out,462,3188
1644361876,20220208,5660743161,2400000000000,23%,3099000000000,0,0,sold_out,462,3189
1644367357,20220209,5660743161,2400000000000,23%,3099000000000,0,0,sold_out,462,3189
1644414048,20220209,5660743161,2400000000000,23%,3099000000000,0,0,sold_out,462,3188
1644417597,20220209,5660743161,2400000000000,23%,3099000000000,0,0,sold_out,462,3189
1644430413,20220209,5660743161,2400000000000,23%,3099000000000,0,0,sold_out,462,3190
1644448229,20220209,5660743161,2400000000000,23%,3099000000000,0,0,sold_out,462,3192
1644453707,20220210,5660743161,2400000000000,23%,3099000000000,0,0,sold_out,462,3192
1644461106,20220210,5660743161,2400000000000,23%,3099000000000,0,0,sold_out,462,3193
1644486041,20220210,5660743161,2400000000000,23%,3099000000000,0,0,sold_out,462,3191
1644491428,20220210,5660743161,2400000000000,23%,3099000000000,0,0,sold_out,462,3192
1644516754,20220210,5660743161,2400000000000,23%,3099000000000,0,0,sold_out,462,3193
1644540288,20220211,5660743161,2400000000000,23%,3099000000000,0,0,sold_out,462,3194
1644563409,20220211,5660743161,2400000000000,23%,3099000000000,0,0,sold_out,462,3195
1644570671,20220211,5660743161,2400000000000,23%,3099000000000,0,0,sold_out,462,3196
1644611717,20220211,5660743161,2400000000000,23%,3099000000000,0,0,sold_out,462,3197
1644615256,20220211,5660743161,2400000000000,23%,3099000000000,0,0,sold_out,462,3198
1644626594,20220212,5660743161,2400000000000,23%,3099000000000,0,0,sold_out,462,3199
1644642564,20220212,5660743161,2400000000000,23%,3099000000000,0,0,sold_out,462,3198
1644696652,20220212,5660743161,2400000000000,23%,3099000000000,0,0,sold_out,462,3197
1644703778,20220212,5660743161,2400000000000,23%,3099000000000,0,0,sold_out,462,3198
1644713017,20220213,5660743161,2400000000000,23%,3099000000000,0,0,sold_out,462,3198
1644732731,20220213,5660743161,2400000000000,23%,3099000000000,0,0,sold_out,462,3197
1644752047,20220213,5660743161,2400000000000,23%,3099000000000,0,0,sold_out,462,3196
1644754541,20220213,5660743161,2400000000000,23%,3099000000000,0,0,sold_out,462,3197
1644771002,20220213,5660743161,2400000000000,23%,3099000000000,0,0,sold_out,462,3198
1644799164,20220214,5660743161,2400000000000,23%,3099000000000,0,0,sold_out,462,3199
1644803519,20220214,5660743161,2400000000000,23%,3099000000000,0,0,sold_out,462,3198
1644849259,20220214,5660743161,2400000000000,23%,3099000000000,0,0,sold_out,462,3197
1644874429,20220214,5660743161,2400000000000,23%,3099000000000,0,0,sold_out,462,3199
1644885883,20220215,5660743161,2400000000000,23%,3099000000000,0,0,sold_out,462,3199
1644896208,20220215,5660743161,2400000000000,23%,3099000000000,0,0,sold_out,462,3200
1644900262,20220215,5660743161,2400000000000,23%,3099000000000,0,0,sold_out,462,3201
1644905592,20220215,5660743161,2400000000000,23%,3099000000000,0,0,sold_out,462,3200
1644916431,20220215,5660743161,2400000000000,23%,3099000000000,0,0,sold_out,462,3201
1644919984,20220215,5660743161,2400000000000,23%,3099000000000,0,0,sold_out,462,3200
1644972125,20220216,5660743161,2400000000000,23%,3099000000000,0,0,sold_out,462,3200
1644989636,20220216,5660743161,2400000000000,23%,3099000000000,0,0,sold_out,462,3201
1644991990,20220216,5660743161,2400000000000,23%,3099000000000,0,0,sold_out,462,3202
1645058261,20220217,5660743161,2400000000000,23%,3099000000000,0,0,sold_out,462,3202
1645096141,20220217,5660743161,2400000000000,23%,3099000000000,0,0,sold_out,462,3201
1645128626,20220217,5660743161,2400000000000,23%,3099000000000,0,0,sold_out,462,3200
1645145231,20220218,5660743161,2400000000000,23%,3099000000000,0,0,sold_out,462,3200
1645182603,20220218,5660743161,2400000000000,23%,3099000000000,0,0,sold_out,462,3201
1645188738,20220218,5660743161,2400000000000,23%,3099000000000,0,0,sold_out,462,3202
1645190067,20220218,5660743161,2400000000000,23%,3099000000000,0,0,sold_out,462,3203
1645225873,20220218,5660743161,2400000000000,23%,3099000000000,0,0,sold_out,462,3204
1645231533,20220219,5660743161,2400000000000,23%,3099000000000,0,0,sold_out,462,3204
