data/history/5660743161.csv
time,date,itemid,price,discount,price_before_discount,stock,sold,item_status,cmt_count,liked_count
1656279170,20220626,5660743161,3099000000000,,0,0,0,sold_out,462,3195
1656280981,20220626,5660743161,3099000000000,,0,0,0,sold_out,462,3195
1656286404,20220626,5660743161,3099000000000,,0,0,0,sold_out,462,3195
1656288591,20220627,5660743161,3099000000000,,0,0,0,sold_out,462,3196
1656290916,20220627,5660743161,3099000000000,,0,0,0,sold_out,462,3196
1656293584,20220627,5660743161,3099000000000,,0,0,0,sold_out,462,3196
1656301007,20220627,5660743161,3099000000000,,0,0,0,sold_out,462,3196
1656306695,20220627,5660743161,3099000000000,,0,0,0,sold_out,462,3197
1656308274,20220627,5660743161,3099000000000,,0,0,0,sold_out,462,3197
1656309829,20220627,5660743161,3099000000000,,0,0,0,sold_out,462,3198
1656312015,20220627,5660743161,3099000000000,,0,0,0,sold_out,462,3198
1656313373,20220627,5660743161,3099000000000,,0,0,0,sold_out,462,3198
1656317004,20220627,5660743161,3099000000000,,0,0,0,sold_out,462,3198
1656320574,20220627,5660743161,3099000000000,,0,0,0,sold_out,462,3198
1656329576,20220627,5660743161,3099000000000,,0,0,0,sold_out,462,3198
1656335766,20220627,5660743161,3099000000000,,0,0,0,sold_out,462,3198
1656345793,20220627,5660743161,3099000000000,,0,0,0,sold_out,462,3198
1656348173,20220627,5660743161,3099000000000,,0,0,0,sold_out,462,3198
1656349662,20220627,5660743161,3099000000000,,0,0,0,sold_out,462,3198
1656351458,20220627,5660743161,3099000000000,,0,0,0,sold_out,462,3198
1656353049,20220627,5660743161,3099000000000,,0,0,0,sold_out,462,3198
1656360189,20220627,5660743161,3099000000000,,0,0,0,sold_out,462,3198
1656363762,20220627,5660743161,3099000000000,,0,0,0,sold_out,462,3198
1656365634,20220627,5660743161,3099000000000,,0,0,0,sold_out,462,3198
1656369267,20220627,5660743161,3099000000000,,0,0,0,sold_out,462,3198
1656375131,20220628,5660743161,3099000000000,,0,0,0,sold_out,462,3198
1656377241,20220628,5660743161,3099000000000,,0,0,0,sold_out,462,3198
1656384372,20220628,5660743161,3099000000000,,0,0,0,sold_out,462,3198
1656387141,20220628,5660743161,3099000000000,,0,0,0,sold_out,462,3198
1656389893,20220628,5660743161,3099000000000,,0,0,0,sold_out,462,3198
1656614405,20220630,5660743161,3099000000000,,0,0,0,sold_out,462,3203
1660588743,20220815,5660743161,3099000000000,,0,0,0,sold_out,462,3264
1665945607,20221016,5660743161,3099000000000,,0,0,0,sold_out,462,3248
1670130168,20221204,5660743161,3099000000000,,0,0,0,sold_out,462,3248
1670212984,20221205,5660743161,3099000000000,,0,0,0,sold_out,462,3248
1670546828,20221209,5660743161,3099000000000,,0,0,0,sold_out,462,3247
1671698030,20221222,5660743161,3099000000000,,0,0,0,sold_out,462,3247
1676641339,20230217,5660743161,4874526414555,,0,0,0,sold_out,891,0
1676642568,20230217,5660743161,4214905529885,,0,0,0,sold_out,917,0
1676644345,20230217,5660743161,3896744151644,,0,0,0,sold_out,812,0
1676646186,20230217,5660743161,3855544414290,,0,0,0,sold_out,719,0
1676647973,20230217,5660743161,5161058588702,,0,0,0,sold_out,562,0
1676649770,20230217,5660743161,3750204183261,,0,0,0,sold_out,829,0
1676651862,20230217,5660743161,3767115441745,,0,0,0,sold_out,569,0
1676653379,20230217,5660743161,4280989897099,,0,0,0,sold_out,914,0
1676655151,20230217,5660743161,3942677538420,,0,0,0,sold_out,715,0
1676656974,20230217,5660743161,4696952731367,,0,0,0,sold_out,488,0
1676658887,20230217,5660743161,5053632869295,,0,0,0,sold_out,525,0
1676660564,20230217,5660743161,4371199162732,,0,0,0,sold_out,481,0
1676662342,20230217,5660743161,3703689013427,,0,0,0,sold_out,768,0
1676664190,20230217,5660743161,4799911266806,,0,0,0,sold_out,622,0
1676665936,20230217,5660743161,4144435716915,,0,0,0,sold_out,643,0
1676667771,20230217,5660743161,4559326433991,,0,0,0,sold_out,831,0
1676669535,20230217,5660743161,4407310623527,,0,0,0,sold_out,760,0
1676671375,20230217,5660743161,5552419722681,,0,0,0,sold_out,598,0
1676673169,20230217,5660743161,3947776265391,,0,0,0,sold_out,671,0
1676674984,20230217,5660743161,3833149795852,,0,0,0,sold_out,706,0
1676676742,20230217,5660743161,3738990288561,,0,0,0,sold_out,604,0
1676678971,20230218,5660743161,4098189955034,,0,0,0,sold_out,705,0
1676681231,20230218,5660743161,4060379559362,,0,0,0,sold_out,531,0
1676683790,20230218,5660743161,3837375370386,,0,0,0,sold_out,622,0
1676685911,20230218,5660743161,4263939924226,,0,0,0,sold_out,719,0
1676688277,20230218,5660743161,3592201961142,,0,0,0,sold_out,640,0
1676689392,20230218,5660743161,4820642989391,,0,0,0,sold_out,704,0
1676691136,20230218,5660743161,5522358965709,,0,0,0,sold_out,613,0
1676693067,20230218,5660743161,3558937868427,,0,0,0,sold_out,520,0
1676695280,20230218,5660743161,4915889159800,,0,0,0,sold_out,770,0
1676696576,20230218,5660743161,4838924436785,,0,0,0,sold_out,625,0
1676698345,20230218,5660743161,5048075451596,,0,0,0,sold_out,872,0
1676700181,20230218,5660743161,5045713850576,,0,0,0,sold_out,880,0
1676702056,20230218,5660743161,4504385860066,,0,0,0,sold_out,718,0
1676703773,20230218,5660743161,4912168841145,,0,0,0,sold_out,726,0
1676705529,20230218,5660743161,5317451221888,,0,0,0,sold_out,547,0
1676707375,20230218,5660743161,4698271295791,,0,0,0,sold_out,657,0
1676709248,20230218,5660743161,5021142398595,,0,0,0,sold_out,514,0
1676710977,20230218,5660743161,4361950435456,,0,0,0,sold_out,722,0
1676712734,20230218,5660743161,3456648056223,,0,0,0,sold_out,688,0
1676714565,20230218,5660743161,5078014372661,,0,0,0,sold_out,860,0
1676716360,20230218,5660743161,5309367097242,,0,0,0,sold_out,860,0
1676718180,20230218,5660743161,5317451221888,,0,0,0,sold_out,547,0
1676719928,20230218,5660743161,3994855464377,,0,0,0,sold_out,886,0
1676721806,20230218,5660743161,3996621458375,,0,0,0,sold_out,569,0
1676724061,20230218,5660743161,5307697735611,,0,0,0,sold_out,849,0
1676725548,20230218,5660743161,3846990867345,,0,0,0,sold_out,689,0
1676727153,20230218,5660743161,4453391897701,,0,0,0,sold_out,830,0
1676728972,20230218,5660743161,5508021988649,,0,0,0,sold_out,616,0
1676730740,20230218,5660743161,5319263947503,,0,0,0,sold_out,897,0
1676732564,20230218,5660743161,4462132724713,,0,0,0,sold_out,612,0
1676734335,20230218,5660743161,4401229949092,,0,0,0,sold_out,518,0
1676736170,20230218,5660743161,5337572289167,,0,0,0,sold_out,760,0
1676738213,20230218,5660743161,5078014372661,,0,0,0,sold_out,860,0
1676739771,20230218,5660743161,3868517679859,,0,0,0,sold_out,712,0
1676741542,20230218,5660743161,4417424716359,,0,0,0,sold_out,791,0
1676743383,20230218,5660743161,3523178479279,,0,0,0,sold_out,771,0
1676745222,20230218,5660743161,4401229949092,,0,0,0,sold_out,518,0
1676746965,20230218,5660743161,4042837520715,,0,0,0,sold_out,556,0
1676748728,20230218,5660743161,4361950435456,,0,0,0,sold_out,722,0
1676750577,20230218,5660743161,4775174412897,,0,0,0,sold_out,618,0
1676752338,20230218,5660743161,5569944792127,,0,0,0,sold_out,747,0
1676754171,20230218,5660743161,5428877438608,,0,0,0,sold_out,656,0
1676755944,20230218,5660743161,5457070071534,,0,0,0,sold_out,782,0
1676757774,20230218,5660743161,4654830386681,,0,0,0,sold_out,557,0
1676759540,20230218,5660743161,5454455252434,,0,0,0,sold_out,563,0
1676761370,20230218,5660743161,4143120705554,,0,0,0,sold_out,819,0
1676763144,20230218,5660743161,3703729229439,,0,0,0,sold_out,898,0
1676765449,20230219,5660743161,5245693894843,,0,0,0,sold_out,698,0
1676767621,20230219,5660743161,4491892387050,,0,0,0,sold_out,786,0
1676770235,20230219,5660743161,4491892387050,,0,0,0,sold_out,786,0
1676773683,20230219,5660743161,5129035842555,,0,0,0,sold_out,715,0
1676774934,20230219,5660743161,4491892387050,,0,0,0,sold_out,786,0
1676776002,20230219,5660743161,4595235706784,,0,0,0,sold_out,638,0
1676777640,20230219,5660743161,4466796243458,,0,0,0,sold_out,615,0
1676779375,20230219,5660743161,4800602153035,,0,0,0,sold_out,490,0
1676781277,20230219,5660743161,4292306666560,,0,0,0,sold_out,736,0
1676782981,20230219,5660743161,3519944505419,,0,0,0,sold_out,920,0
1676784733,20230219,5660743161,3463257479879,,0,0,0,sold_out,858,0
1676786590,20230219,5660743161,5444898712069,,0,0,0,sold_out,641,0
1676788467,20230219,5660743161,3616342394688,,0,0,0,sold_out,579,0
1676790157,20230219,5660743161,3667133281725,,0,0,0,sold_out,638,0
1676791934,20230219,5660743161,3552058581753,,0,0,0,sold_out,675,0
1676793779,20230219,5660743161,5047535544245,,0,0,0,sold_out,514,0
1676795654,20230219,5660743161,4751853546823,,0,0,0,sold_out,517,0
1676797372,20230219,5660743161,5458200665161,,0,0,0,sold_out,626,0
1676799147,20230219,5660743161,3834603454555,,0,0,0,sold_out,862,0
1676800970,20230219,5660743161,4332018826383,,0,0,0,sold_out,606,0
1676802778,20230219,5660743161,5165000371862,,0,0,0,sold_out,698,0
1676804558,20230219,5660743161,5321722283267,,0,0,0,sold_out,614,0
1676806330,20230219,5660743161,3907167930471,,0,0,0,sold_out,621,0
1676808214,20230219,5660743161,4466796243458,,0,0,0,sold_out,615,0
1676810472,20230219,5660743161,5337572289167,,0,0,0,sold_out,760,0
1676811963,20230219,5660743161,3502532147533,,0,0,0,sold_out,597,0
1676813563,20230219,5660743161,4642211421689,,0,0,0,sold_out,777,0
1676815366,20230219,5660743161,4445389106142,,0,0,0,sold_out,755,0
1676817126,20230219,5660743161,4448076315662,,0,0,0,sold_out,478,0
1676818984,20230219,5660743161,4239050105801,,0,0,0,sold_out,572,0
1676820729,20230219,5660743161,4998882827585,,0,0,0,sold_out,767,0
1676822582,20230219,5660743161,5083858099180,,0,0,0,sold_out,720,0
1676824597,20230219,5660743161,4239050105801,,0,0,0,sold_out,572,0
1676826171,20230219,5660743161,5317451221888,,0,0,0,sold_out,547,0
1676827935,20230219,5660743161,4142711774269,,0,0,0,sold_out,491,0
1676829783,20230219,5660743161,3524252331169,,0,0,0,sold_out,915,0
1676831618,20230219,5660743161,4358874369321,,0,0,0,sold_out,880,0
1676833357,20230219,5660743161,4344239901983,,0,0,0,sold_out,781,0
1676835125,20230219,5660743161,5556128218845,,0,0,0,sold_out,820,0
1676836972,20230219,5660743161,4709919672730,,0,0,0,sold_out,545,0
1676838741,20230219,5660743161,5015810297298,,0,0,0,sold_out,846,0
1676840578,20230219,5660743161,3715567665298,,0,0,0,sold_out,533,0
1676842339,20230219,5660743161,5409335250075,,0,0,0,sold_out,596,0
1676844174,20230219,5660743161,4456816986664,,0,0,0,sold_out,595,0
1676845937,20230219,5660743161,4756974113022,,0,0,0,sold_out,475,0
1676847773,20230219,5660743161,3913910060642,,0,0,0,sold_out,643,0
1676849537,20230219,5660743161,3520406226887,,0,0,0,sold_out,685,0
1676851851,20230220,5660743161,5268288752144,,0,0,0,sold_out,756,0
1676854041,20230220,5660743161,5446788851208,,0,0,0,sold_out,595,0
1676856654,20230220,5660743161,4958234823229,,0,0,0,sold_out,470,0
1676860125,20230220,5660743161,4011447513313,,0,0,0,sold_out,753,0
1676861403,20230220,5660743161,4848311331227,,0,0,0,sold_out,742,0
1676862492,20230220,5660743161,4188814897995,,0,0,0,sold_out,474,0
1676864092,20230220,5660743161,4445389106142,,0,0,0,sold_out,755,0
1676865771,20230220,5660743161,4025866903418,,0,0,0,sold_out,777,0
1676867726,20230220,5660743161,5194487145315,,0,0,0,sold_out,884,0
1676869369,20230220,5660743161,5339394633818,,0,0,0,sold_out,548,0
1676871143,20230220,5660743161,3755341702336,,0,0,0,sold_out,880,0
1676873000,20230220,5660743161,5135092654224,,0,0,0,sold_out,834,0
1676874938,20230220,5660743161,3754782335346,,0,0,0,sold_out,792,0
1676876576,20230220,5660743161,5161058588702,,0,0,0,sold_out,562,0
1676878338,20230220,5660743161,5567736220021,,0,0,0,sold_out,740,0
1676880222,20230220,5660743161,5135092654224,,0,0,0,sold_out,834,0
1676882141,20230220,5660743161,4146290430700,,0,0,0,sold_out,884,0
1676883783,20230220,5660743161,4329561652341,,0,0,0,sold_out,703,0
1676885559,20230220,5660743161,4578240632143,,0,0,0,sold_out,587,0
1676887411,20230220,5660743161,4618766595331,,0,0,0,sold_out,563,0
1676889291,20230220,5660743161,4689559498009,,0,0,0,sold_out,832,0
1676890963,20230220,5660743161,4817850679797,,0,0,0,sold_out,548,0
1676892746,20230220,5660743161,4751853546823,,0,0,0,sold_out,517,0
1676894635,20230220,5660743161,4231513019675,,0,0,0,sold_out,755,0
1676896962,20230220,5660743161,4076613332529,,0,0,0,sold_out,693,0
1676898443,20230220,5660743161,3494963746692,,0,0,0,sold_out,506,0
1676900086,20230220,5660743161,4994103182346,,0,0,0,sold_out,488,0
1676901765,20230220,5660743161,4400904408694,,0,0,0,sold_out,622,0
1676903559,20230220,5660743161,5138530184183,,0,0,0,sold_out,884,0
1676905370,20230220,5660743161,3973747760843,,0,0,0,sold_out,618,0
1676907171,20230220,5660743161,4883829430705,,0,0,0,sold_out,585,0
1676908977,20230220,5660743161,4393589504739,,0,0,0,sold_out,606,0
1676911057,20230220,5660743161,4851302915557,,0,0,0,sold_out,642,0
1676912578,20230220,5660743161,4582501620749,,0,0,0,sold_out,764,0
1676914334,20230220,5660743161,5522457492818,,0,0,0,sold_out,774,0
1676916186,20230220,5660743161,4475655922520,,0,0,0,sold_out,775,0
1676918073,20230220,5660743161,4972777973415,,0,0,0,sold_out,837,0
1676919755,20230220,5660743161,4361950435456,,0,0,0,sold_out,722,0
1676921530,20230220,5660743161,5184098982108,,0,0,0,sold_out,477,0
1676923375,20230220,5660743161,4932100975443,,0,0,0,sold_out,809,0
1676925140,20230220,5660743161,4491892387050,,0,0,0,sold_out,786,0
1676926973,20230220,5660743161,3520097373325,,0,0,0,sold_out,541,0
1676928735,20230220,5660743161,4263939924226,,0,0,0,sold_out,719,0
1676930569,20230220,5660743161,4272159968477,,0,0,0,sold_out,619,0
1676932345,20230220,5660743161,4548084404888,,0,0,0,sold_out,606,0
1676934168,20230220,5660743161,4371173970830,,0,0,0,sold_out,555,0
1676935942,20230220,5660743161,4475471254501,,0,0,0,sold_out,725,0
1676938191,20230221,5660743161,3905995657407,,0,0,0,sold_out,684,0
1676940423,20230221,5660743161,4133186776496,,0,0,0,sold_out,770,0
1676943025,20230221,5660743161,4918052384613,,0,0,0,sold_out,716,0
1676945242,20230221,5660743161,3893638342666,,0,0,0,sold_out,628,0
1676947581,20230221,5660743161,4342276374682,,0,0,0,sold_out,497,0
1676948881,20230221,5660743161,3879699528633,,0,0,0,sold_out,891,0
1676950479,20230221,5660743161,5065987420057,,0,0,0,sold_out,818,0
1676952192,20230221,5660743161,5454455252434,,0,0,0,sold_out,563,0
1676954111,20230221,5660743161,4841842102034,,0,0,0,sold_out,839,0
1676955771,20230221,5660743161,3862116193477,,0,0,0,sold_out,788,0
1676957535,20230221,5660743161,5206719036972,,0,0,0,sold_out,596,0
1676959404,20230221,5660743161,4465974209625,,0,0,0,sold_out,674,0
1676961274,20230221,5660743161,4548084404888,,0,0,0,sold_out,606,0
1676962985,20230221,5660743161,4759981788491,,0,0,0,sold_out,819,0
1676964752,20230221,5660743161,5138530184183,,0,0,0,sold_out,884,0
1676966593,20230221,5660743161,4634398779395,,0,0,0,sold_out,749,0
1676968509,20230221,5660743161,4261369363209,,0,0,0,sold_out,877,0
1676970181,20230221,5660743161,4415147806801,,0,0,0,sold_out,585,0
1676971943,20230221,5660743161,4199795800683,,0,0,0,sold_out,738,0
1676973776,20230221,5660743161,4148754371655,,0,0,0,sold_out,887,0
1676975655,20230221,5660743161,5508021988649,,0,0,0,sold_out,616,0
1676977374,20230221,5660743161,5064447511263,,0,0,0,sold_out,598,0
1676979135,20230221,5660743161,4413208966339,,0,0,0,sold_out,710,0
1676981032,20230221,5660743161,3883963852335,,0,0,0,sold_out,831,0
1676983354,20230221,5660743161,4249388613749,,0,0,0,sold_out,650,0
1676984848,20230221,5660743161,4603670098610,,0,0,0,sold_out,718,0
1676986489,20230221,5660743161,4414084963385,,0,0,0,sold_out,665,0
1676988177,20230221,5660743161,5528223711481,,0,0,0,sold_out,522,0
1676989990,20230221,5660743161,4065927047164,,0,0,0,sold_out,671,0
1676991781,20230221,5660743161,3881588445695,,0,0,0,sold_out,574,0
1676993589,20230221,5660743161,4909405733466,,0,0,0,sold_out,766,0
1676995406,20230221,5660743161,3771041885829,,0,0,0,sold_out,698,0
1676997440,20230221,5660743161,4689183046390,,0,0,0,sold_out,584,0
1676998985,20230221,5660743161,3973747760843,,0,0,0,sold_out,618,0
1677000739,20230221,5660743161,4974643498349,,0,0,0,sold_out,794,0
1677002588,20230221,5660743161,3883696445023,,0,0,0,sold_out,546,0
1677004499,20230221,5660743161,4520820786711,,0,0,0,sold_out,720,0
1677006204,20230221,5660743161,5470800085933,,0,0,0,sold_out,836,0
1677007944,20230221,5660743161,5023526189459,,0,0,0,sold_out,844,0
1677009777,20230221,5660743161,3548725599907,,0,0,0,sold_out,545,0
1677011557,20230221,5660743161,4609528296023,,0,0,0,sold_out,681,0
1677013382,20230221,5660743161,4595293546836,,0,0,0,sold_out,665,0
1677015139,20230221,5660743161,4828651370817,,0,0,0,sold_out,780,0
1677016984,20230221,5660743161,5439628663627,,0,0,0,sold_out,832,0
1677018787,20230221,5660743161,4244578054255,,0,0,0,sold_out,640,0
1677020572,20230221,5660743161,5454455252434,,0,0,0,sold_out,563,0
1677022342,20230221,5660743161,5186737247435,,0,0,0,sold_out,653,0
1677024589,20230222,5660743161,3846990867345,,0,0,0,sold_out,689,0
1677026820,20230222,5660743161,3913910060642,,0,0,0,sold_out,643,0
1677029421,20230222,5660743161,4892829964419,,0,0,0,sold_out,676,0
1677031626,20230222,5660743161,4883071709599,,0,0,0,sold_out,746,0
1677033940,20230222,5660743161,3660423882817,,0,0,0,sold_out,583,0
1677035182,20230222,5660743161,4112710771992,,0,0,0,sold_out,754,0
1677036859,20230222,5660743161,4433804126335,,0,0,0,sold_out,821,0
1677038576,20230222,5660743161,3967094401118,,0,0,0,sold_out,878,0
1677040532,20230222,5660743161,5249111068751,,0,0,0,sold_out,638,0
1677042179,20230222,5660743161,4127939498387,,0,0,0,sold_out,553,0
1677043936,20230222,5660743161,3712522121773,,0,0,0,sold_out,869,0
1677045809,20230222,5660743161,4689183046390,,0,0,0,sold_out,584,0
1677047734,20230222,5660743161,3456648056223,,0,0,0,sold_out,688,0
1677049372,20230222,5660743161,5566661547282,,0,0,0,sold_out,614,0
1677051133,20230222,5660743161,4999505109884,,0,0,0,sold_out,494,0
1677052992,20230222,5660743161,4141184825930,,0,0,0,sold_out,756,0
1677054911,20230222,5660743161,5433578872391,,0,0,0,sold_out,464,0
1677056585,20230222,5660743161,4857460540587,,0,0,0,sold_out,497,0
1677058365,20230222,5660743161,4880635246380,,0,0,0,sold_out,553,0
