data/history/5660743161.csv
time,date,itemid,price,discount,price_before_discount,stock,sold,item_status,cmt_count,liked_count
1677060181,20230222,5660743161,4670894663027,,0,0,0,sold_out,837,0
1677062082,20230222,5660743161,5321722283267,,0,0,0,sold_out,614,0
1677063760,20230222,5660743161,4991657901654,,0,0,0,sold_out,671,0
1677065546,20230222,5660743161,3986308953161,,0,0,0,sold_out,680,0
1677067426,20230222,5660743161,3892832854931,,0,0,0,sold_out,885,0
1677069778,20230222,5660743161,3659527691680,,0,0,0,sold_out,723,0
1677071255,20230222,5660743161,3593908700122,,0,0,0,sold_out,465,0
1677072917,20230222,5660743161,4225290907819,,0,0,0,sold_out,819,0
1677074583,20230222,5660743161,4364283645592,,0,0,0,sold_out,565,0
1677076356,20230222,5660743161,3410658787524,,0,0,0,sold_out,918,0
1677078198,20230222,5660743161,4198875547269,,0,0,0,sold_out,708,0
1677079990,20230222,5660743161,4453391897701,,0,0,0,sold_out,830,0
1677081788,20230222,5660743161,4709919672730,,0,0,0,sold_out,545,0
1677083877,20230222,5660743161,5522490150379,,0,0,0,sold_out,897,0
1677085365,20230222,5660743161,5412182338022,,0,0,0,sold_out,766,0
1677087162,20230222,5660743161,4737218200631,,0,0,0,sold_out,779,0
1677088982,20230222,5660743161,4030243925918,,0,0,0,sold_out,664,0
1677090904,20230222,5660743161,4046692621854,,0,0,0,sold_out,558,0
1677092575,20230222,5660743161,4955448863256,,0,0,0,sold_out,501,0
1677094333,20230222,5660743161,3957157334254,,0,0,0,sold_out,543,0
1677096169,20230222,5660743161,5108592981461,,0,0,0,sold_out,895,0
1677097956,20230222,5660743161,3712522121773,,0,0,0,sold_out,869,0
1677099781,20230222,5660743161,4774913072287,,0,0,0,sold_out,683,0
1677101538,20230222,5660743161,3629124701109,,0,0,0,sold_out,631,0
1677103372,20230222,5660743161,4800006007695,,0,0,0,sold_out,652,0
1677105156,20230222,5660743161,3493456795000,,0,0,0,sold_out,518,0
1677106967,20230222,5660743161,4696952731367,,0,0,0,sold_out,488,0
1677108738,20230222,5660743161,4918052384613,,0,0,0,sold_out,716,0
1677111025,20230223,5660743161,3750204183261,,0,0,0,sold_out,829,0
1677113215,20230223,5660743161,4634281241053,,0,0,0,sold_out,709,0
1677115816,20230223,5660743161,5569944792127,,0,0,0,sold_out,747,0
1677117949,20230223,5660743161,4800602153035,,0,0,0,sold_out,490,0
1677120309,20230223,5660743161,3585599977162,,0,0,0,sold_out,907,0
1677121484,20230223,5660743161,5309367097242,,0,0,0,sold_out,860,0
1677123179,20230223,5660743161,4698035821896,,0,0,0,sold_out,601,0
1677124991,20230223,5660743161,5015810297298,,0,0,0,sold_out,846,0
1677126930,20230223,5660743161,3646595990319,,0,0,0,sold_out,681,0
1677128578,20230223,5660743161,4310505246618,,0,0,0,sold_out,768,0
1677130333,20230223,5660743161,4075146671401,,0,0,0,sold_out,847,0
1677132197,20230223,5660743161,4239050105801,,0,0,0,sold_out,572,0
1677134106,20230223,5660743161,3453138219237,,0,0,0,sold_out,671,0
1677135782,20230223,5660743161,5027315958306,,0,0,0,sold_out,589,0
1677137548,20230223,5660743161,3498459131566,,0,0,0,sold_out,601,0
1677139399,20230223,5660743161,3665409168738,,0,0,0,sold_out,921,0
1677141308,20230223,5660743161,5086567980787,,0,0,0,sold_out,836,0
1677142975,20230223,5660743161,3444331767797,,0,0,0,sold_out,888,0
1677144737,20230223,5660743161,5048075451596,,0,0,0,sold_out,872,0
1677146587,20230223,5660743161,3768212557149,,0,0,0,sold_out,818,0
1677148468,20230223,5660743161,5049257732405,,0,0,0,sold_out,649,0
1677150160,20230223,5660743161,4096974654485,,0,0,0,sold_out,883,0
1677151936,20230223,5660743161,4174546752535,,0,0,0,sold_out,565,0
1677153839,20230223,5660743161,4926708249251,,0,0,0,sold_out,828,0
1677156216,20230223,5660743161,5291493680306,,0,0,0,sold_out,754,0
1677157685,20230223,5660743161,3809312887706,,0,0,0,sold_out,770,0
1677159485,20230223,5660743161,4703958649270,,0,0,0,sold_out,735,0
1677160978,20230223,5660743161,3523293798488,,0,0,0,sold_out,846,0
1677162763,20230223,5660743161,4910426880140,,0,0,0,sold_out,826,0
1677164568,20230223,5660743161,5342913026408,,0,0,0,sold_out,536,0
1677166413,20230223,5660743161,3519944505419,,0,0,0,sold_out,920,0
1677168183,20230223,5660743161,4042837520715,,0,0,0,sold_out,556,0
1677170335,20230223,5660743161,4826629396868,,0,0,0,sold_out,704,0
1677171785,20230223,5660743161,5378879252907,,0,0,0,sold_out,788,0
1677173574,20230223,5660743161,4474616135828,,0,0,0,sold_out,620,0
1677175395,20230223,5660743161,5338994260063,,0,0,0,sold_out,877,0
1677177333,20230223,5660743161,4874526414555,,0,0,0,sold_out,891,0
1677178978,20230223,5660743161,5198045460768,,0,0,0,sold_out,633,0
1677180738,20230223,5660743161,4817946989410,,0,0,0,sold_out,753,0
1677182574,20230223,5660743161,5184098982108,,0,0,0,sold_out,477,0
1677184356,20230223,5660743161,4078788546487,,0,0,0,sold_out,679,0
1677186173,20230223,5660743161,4497824181142,,0,0,0,sold_out,878,0
1677187947,20230223,5660743161,5322825829541,,0,0,0,sold_out,882,0
1677189768,20230223,5660743161,5206719036972,,0,0,0,sold_out,596,0
1677191601,20230223,5660743161,4272159968477,,0,0,0,sold_out,619,0
1677193389,20230223,5660743161,4400904408694,,0,0,0,sold_out,622,0
1677195154,20230223,5660743161,5538134522488,,0,0,0,sold_out,726,0
1677197400,20230224,5660743161,4397797388713,,0,0,0,sold_out,719,0
1677199637,20230224,5660743161,4755396470441,,0,0,0,sold_out,536,0
1677202221,20230224,5660743161,4310505246618,,0,0,0,sold_out,768,0
1677204381,20230224,5660743161,5086198509395,,0,0,0,sold_out,655,0
1677206728,20230224,5660743161,3892832854931,,0,0,0,sold_out,885,0
1677207960,20230224,5660743161,4874526414555,,0,0,0,sold_out,891,0
1677209648,20230224,5660743161,5319263947503,,0,0,0,sold_out,897,0
1677211387,20230224,5660743161,4111560564093,,0,0,0,sold_out,817,0
1677213336,20230224,5660743161,4205633607890,,0,0,0,sold_out,710,0
1677214974,20230224,5660743161,4084134836740,,0,0,0,sold_out,541,0
1677216741,20230224,5660743161,3827151193796,,0,0,0,sold_out,487,0
1677218605,20230224,5660743161,4986919572214,,0,0,0,sold_out,602,0
1677220538,20230224,5660743161,4358874369321,,0,0,0,sold_out,880,0
1677222178,20230224,5660743161,5541330763610,,0,0,0,sold_out,599,0
1677223944,20230224,5660743161,4179159384377,,0,0,0,sold_out,765,0
1677225795,20230224,5660743161,4659941663544,,0,0,0,sold_out,916,0
1677227729,20230224,5660743161,4839894521220,,0,0,0,sold_out,493,0
1677229376,20230224,5660743161,5276635981745,,0,0,0,sold_out,651,0
1677231149,20230224,5660743161,4918052384613,,0,0,0,sold_out,716,0
1677232982,20230224,5660743161,5294479429805,,0,0,0,sold_out,600,0
1677234860,20230224,5660743161,4616503809106,,0,0,0,sold_out,669,0
1677236584,20230224,5660743161,4265980390666,,0,0,0,sold_out,749,0
1677238334,20230224,5660743161,3668794416885,,0,0,0,sold_out,890,0
1677240233,20230224,5660743161,4148754371655,,0,0,0,sold_out,887,0
1677242553,20230224,5660743161,4856150327115,,0,0,0,sold_out,485,0
1677244039,20230224,5660743161,5321722283267,,0,0,0,sold_out,614,0
1677245711,20230224,5660743161,4990072845095,,0,0,0,sold_out,682,0
1677247366,20230224,5660743161,3834603454555,,0,0,0,sold_out,862,0
1677249151,20230224,5660743161,4901517463799,,0,0,0,sold_out,787,0
1677250978,20230224,5660743161,3609996244421,,0,0,0,sold_out,574,0
1677252755,20230224,5660743161,3703689013427,,0,0,0,sold_out,768,0
1677254586,20230224,5660743161,4721594575021,,0,0,0,sold_out,743,0
1677256673,20230224,5660743161,4646873381688,,0,0,0,sold_out,583,0
1677258179,20230224,5660743161,3770477513043,,0,0,0,sold_out,845,0
1677259973,20230224,5660743161,4607645359119,,0,0,0,sold_out,864,0
1677261780,20230224,5660743161,5439628663627,,0,0,0,sold_out,832,0
1677263711,20230224,5660743161,5008547561230,,0,0,0,sold_out,712,0
1677265363,20230224,5660743161,4491892387050,,0,0,0,sold_out,786,0
1677267133,20230224,5660743161,4641390360624,,0,0,0,sold_out,493,0
1677268971,20230224,5660743161,5078014372661,,0,0,0,sold_out,860,0
1677270757,20230224,5660743161,3632496422853,,0,0,0,sold_out,477,0
1677272557,20230224,5660743161,5187697823321,,0,0,0,sold_out,626,0
1677274347,20230224,5660743161,5049257732405,,0,0,0,sold_out,649,0
1677276182,20230224,5660743161,4672485109628,,0,0,0,sold_out,878,0
1677278002,20230224,5660743161,4096974654485,,0,0,0,sold_out,883,0
1677279776,20230224,5660743161,3536954651902,,0,0,0,sold_out,532,0
1677281535,20230224,5660743161,4979737046684,,0,0,0,sold_out,545,0
1677283838,20230225,5660743161,4826099410472,,0,0,0,sold_out,835,0
1677286017,20230225,5660743161,4025866903418,,0,0,0,sold_out,777,0
1677288611,20230225,5660743161,4508087003394,,0,0,0,sold_out,488,0
1677290810,20230225,5660743161,4605294376878,,0,0,0,sold_out,686,0
1677293148,20230225,5660743161,4466796243458,,0,0,0,sold_out,615,0
1677294381,20230225,5660743161,4142711774269,,0,0,0,sold_out,491,0
1677296033,20230225,5660743161,3633894391086,,0,0,0,sold_out,639,0
1677297781,20230225,5660743161,3484425833291,,0,0,0,sold_out,525,0
1677299705,20230225,5660743161,4141184825930,,0,0,0,sold_out,756,0
1677301364,20230225,5660743161,4096974654485,,0,0,0,sold_out,883,0
1677303138,20230225,5660743161,5299494782760,,0,0,0,sold_out,781,0
1677304970,20230225,5660743161,4703958649270,,0,0,0,sold_out,735,0
1677306876,20230225,5660743161,5317451221888,,0,0,0,sold_out,547,0
1677308583,20230225,5660743161,4342276374682,,0,0,0,sold_out,497,0
1677310327,20230225,5660743161,3800536230625,,0,0,0,sold_out,598,0
1677312185,20230225,5660743161,5566775694157,,0,0,0,sold_out,722,0
1677314051,20230225,5660743161,4146290430700,,0,0,0,sold_out,884,0
1677315769,20230225,5660743161,4755396470441,,0,0,0,sold_out,536,0
1677317538,20230225,5660743161,4659941663544,,0,0,0,sold_out,916,0
1677319366,20230225,5660743161,5213355375764,,0,0,0,sold_out,629,0
1677321175,20230225,5660743161,4004259737078,,0,0,0,sold_out,707,0
1677322963,20230225,5660743161,4142711774269,,0,0,0,sold_out,491,0
1677324734,20230225,5660743161,4826788352723,,0,0,0,sold_out,915,0
1677326615,20230225,5660743161,5439628663627,,0,0,0,sold_out,832,0
1677328860,20230225,5660743161,3629124701109,,0,0,0,sold_out,631,0
1677330352,20230225,5660743161,4634281241053,,0,0,0,sold_out,709,0
1677331955,20230225,5660743161,3947776265391,,0,0,0,sold_out,671,0
1677333767,20230225,5660743161,3992883569682,,0,0,0,sold_out,479,0
1677335533,20230225,5660743161,5570618313392,,0,0,0,sold_out,468,0
1677337373,20230225,5660743161,3679849547832,,0,0,0,sold_out,539,0
1677339131,20230225,5660743161,4105232527281,,0,0,0,sold_out,504,0
1677340978,20230225,5660743161,3559637055606,,0,0,0,sold_out,591,0
1677343001,20230225,5660743161,5165000371862,,0,0,0,sold_out,698,0
1677344577,20230225,5660743161,4417424716359,,0,0,0,sold_out,791,0
1677346337,20230225,5660743161,4448076315662,,0,0,0,sold_out,478,0
1677348172,20230225,5660743161,3709653795606,,0,0,0,sold_out,499,0
1677350041,20230225,5660743161,3538986837410,,0,0,0,sold_out,595,0
1677351764,20230225,5660743161,3959719517735,,0,0,0,sold_out,651,0
1677353533,20230225,5660743161,4153294378161,,0,0,0,sold_out,723,0
1677355375,20230225,5660743161,4606141098807,,0,0,0,sold_out,675,0
1677357136,20230225,5660743161,5194487145315,,0,0,0,sold_out,884,0
1677358975,20230225,5660743161,5540037983602,,0,0,0,sold_out,712,0
1677360730,20230225,5660743161,4698271295791,,0,0,0,sold_out,657,0
1677362568,20230225,5660743161,5008547561230,,0,0,0,sold_out,712,0
1677364357,20230225,5660743161,5135092654224,,0,0,0,sold_out,834,0
1677366174,20230225,5660743161,4231513019675,,0,0,0,sold_out,755,0
1677367936,20230225,5660743161,5319263947503,,0,0,0,sold_out,897,0
1677370227,20230226,5660743161,4629526949480,,0,0,0,sold_out,764,0
1677372442,20230226,5660743161,3852354428848,,0,0,0,sold_out,600,0
1677375046,20230226,5660743161,4437186048608,,0,0,0,sold_out,865,0
1677378649,20230226,5660743161,4285379798964,,0,0,0,sold_out,650,0
1677381133,20230226,5660743161,3686870535405,,0,0,0,sold_out,911,0
1677382625,20230226,5660743161,4118497580374,,0,0,0,sold_out,856,0
1677384176,20230226,5660743161,4433804126335,,0,0,0,sold_out,821,0
1677386099,20230226,5660743161,4225322155184,,0,0,0,sold_out,564,0
1677387787,20230226,5660743161,3914205865041,,0,0,0,sold_out,805,0
1677389528,20230226,5660743161,4607645359119,,0,0,0,sold_out,864,0
1677391387,20230226,5660743161,4559326433991,,0,0,0,sold_out,831,0
1677393287,20230226,5660743161,5491505373930,,0,0,0,sold_out,794,0
1677394976,20230226,5660743161,4804990876912,,0,0,0,sold_out,557,0
1677396757,20230226,5660743161,5198045460768,,0,0,0,sold_out,633,0
1677398585,20230226,5660743161,3715567665298,,0,0,0,sold_out,533,0
1677400456,20230226,5660743161,3889587588134,,0,0,0,sold_out,598,0
1677402174,20230226,5660743161,5083858099180,,0,0,0,sold_out,720,0
1677403935,20230226,5660743161,4084134836740,,0,0,0,sold_out,541,0
1677405768,20230226,5660743161,5556128218845,,0,0,0,sold_out,820,0
1677407598,20230226,5660743161,4851302915557,,0,0,0,sold_out,642,0
1677409364,20230226,5660743161,4703958649270,,0,0,0,sold_out,735,0
1677411127,20230226,5660743161,4868048164975,,0,0,0,sold_out,909,0
1677413030,20230226,5660743161,3618752574697,,0,0,0,sold_out,856,0
1677415298,20230226,5660743161,4616503809106,,0,0,0,sold_out,669,0
1677416791,20230226,5660743161,3484425833291,,0,0,0,sold_out,525,0
1677418378,20230226,5660743161,4958234823229,,0,0,0,sold_out,470,0
1677420169,20230226,5660743161,4461956750343,,0,0,0,sold_out,916,0
1677421935,20230226,5660743161,5086432607898,,0,0,0,sold_out,562,0
1677423770,20230226,5660743161,3648832330454,,0,0,0,sold_out,678,0
1677425537,20230226,5660743161,3466069071518,,0,0,0,sold_out,861,0
1677427382,20230226,5660743161,4605294376878,,0,0,0,sold_out,686,0
1677429402,20230226,5660743161,5294590379834,,0,0,0,sold_out,592,0
1677430963,20230226,5660743161,4192455174905,,0,0,0,sold_out,866,0
1677432733,20230226,5660743161,3815998411890,,0,0,0,sold_out,746,0
1677434565,20230226,5660743161,4972777973415,,0,0,0,sold_out,837,0
1677436427,20230226,5660743161,4208675900754,,0,0,0,sold_out,804,0
1677438178,20230226,5660743161,4954683824519,,0,0,0,sold_out,818,0
1677439934,20230226,5660743161,5047535544245,,0,0,0,sold_out,514,0
1677441771,20230226,5660743161,4673717905018,,0,0,0,sold_out,641,0
1677443539,20230226,5660743161,3892832854931,,0,0,0,sold_out,885,0
1677445355,20230226,5660743161,4205633607890,,0,0,0,sold_out,710,0
1677447134,20230226,5660743161,4127939498387,,0,0,0,sold_out,553,0
1677448970,20230226,5660743161,5083858099180,,0,0,0,sold_out,720,0
1677450768,20230226,5660743161,4577108455557,,0,0,0,sold_out,599,0
1677452563,20230226,5660743161,4133186776496,,0,0,0,sold_out,770,0
1677454341,20230226,5660743161,4358874369321,,0,0,0,sold_out,880,0
1677456607,20230227,5660743161,5457070071534,,0,0,0,sold_out,782,0
1677458815,20230227,5660743161,3703689013427,,0,0,0,sold_out,768,0
1677461447,20230227,5660743161,4497626553692,,0,0,0,sold_out,722,0
1677464880,20230227,5660743161,5021142398595,,0,0,0,sold_out,514,0
1677466146,20230227,5660743161,5075502497753,,0,0,0,sold_out,567,0
1677467255,20230227,5660743161,3617863439906,,0,0,0,sold_out,616,0
1677468895,20230227,5660743161,5556361535153,,0,0,0,sold_out,548,0
1677470577,20230227,5660743161,3498459131566,,0,0,0,sold_out,601,0
1677472542,20230227,5660743161,4348239808559,,0,0,0,sold_out,574,0
1677474182,20230227,5660743161,3706108818445,,0,0,0,sold_out,539,0
1677475947,20230227,5660743161,4572717834236,,0,0,0,sold_out,795,0
1677477798,20230227,5660743161,4434110581389,,0,0,0,sold_out,814,0
1677479766,20230227,5660743161,5326397570666,,0,0,0,sold_out,870,0
1677481376,20230227,5660743161,4856150327115,,0,0,0,sold_out,485,0
1677483145,20230227,5660743161,4076753660899,,0,0,0,sold_out,521,0
1677485022,20230227,5660743161,5413325790640,,0,0,0,sold_out,795,0
1677486963,20230227,5660743161,4634281241053,,0,0,0,sold_out,709,0
1677488580,20230227,5660743161,5220017536860,,0,0,0,sold_out,709,0
1677490366,20230227,5660743161,4231868640631,,0,0,0,sold_out,841,0
1677492184,20230227,5660743161,5331557559928,,0,0,0,sold_out,876,0
1677494118,20230227,5660743161,5409335250075,,0,0,0,sold_out,596,0
1677495765,20230227,5660743161,4136975805254,,0,0,0,sold_out,678,0
1677497542,20230227,5660743161,3580106102380,,0,0,0,sold_out,500,0
1677499439,20230227,5660743161,4626423814853,,0,0,0,sold_out,614,0
1677501819,20230227,5660743161,4303678235269,,0,0,0,sold_out,503,0
1677503291,20230227,5660743161,5424221171371,,0,0,0,sold_out,781,0
1677504955,20230227,5660743161,4258484243192,,0,0,0,sold_out,516,0
1677506571,20230227,5660743161,4224390310034,,0,0,0,sold_out,895,0
1677508394,20230227,5660743161,5289413209519,,0,0,0,sold_out,892,0
1677510190,20230227,5660743161,4204445187831,,0,0,0,sold_out,808,0
1677512009,20230227,5660743161,3682313558643,,0,0,0,sold_out,868,0
1677513786,20230227,5660743161,4311656551866,,0,0,0,sold_out,878,0
1677515908,20230227,5660743161,3738740955328,,0,0,0,sold_out,876,0
1677517374,20230227,5660743161,4167926879945,,0,0,0,sold_out,884,0
1677519168,20230227,5660743161,5264871952854,,0,0,0,sold_out,746,0
1677520985,20230227,5660743161,3512644475778,,0,0,0,sold_out,784,0
1677522931,20230227,5660743161,5138637334628,,0,0,0,sold_out,886,0
1677524570,20230227,5660743161,3886476056595,,0,0,0,sold_out,479,0
1677526336,20230227,5660743161,4415147806801,,0,0,0,sold_out,585,0
1677528177,20230227,5660743161,4892829964419,,0,0,0,sold_out,676,0
1677529967,20230227,5660743161,3834603454555,,0,0,0,sold_out,862,0
1677531774,20230227,5660743161,4778379027064,,0,0,0,sold_out,509,0
1677533548,20230227,5660743161,3456648056223,,0,0,0,sold_out,688,0
1677535376,20230227,5660743161,5361030273624,,0,0,0,sold_out,873,0
1677537226,20230227,5660743161,4804990876912,,0,0,0,sold_out,557,0
1677538977,20230227,5660743161,4836095504680,,0,0,0,sold_out,886,0
1677540743,20230227,5660743161,5028373299656,,0,0,0,sold_out,739,0
1677542999,20230228,5660743161,4973554681995,,0,0,0,sold_out,847,0
1677545238,20230228,5660743161,5473057884538,,0,0,0,sold_out,506,0
1677547860,20230228,5660743161,4472365056866,,0,0,0,sold_out,860,0
1677551246,20230228,5660743161,5555037436199,,0,0,0,sold_out,901,0
