data/history/5660743161.csv
time,date,itemid,price,discount,price_before_discount,stock,sold,item_status,cmt_count,liked_count
1677552484,20230228,5660743161,4565900059142,,0,0,0,sold_out,658,0
1677553609,20230228,5660743161,3973000015587,,0,0,0,sold_out,727,0
1677555267,20230228,5660743161,4491892387050,,0,0,0,sold_out,786,0
1677556984,20230228,5660743161,3484425833291,,0,0,0,sold_out,525,0
1677558922,20230228,5660743161,5392784502417,,0,0,0,sold_out,513,0
1677560568,20230228,5660743161,5555037436199,,0,0,0,sold_out,901,0
1677562350,20230228,5660743161,5165000371862,,0,0,0,sold_out,698,0
1677564198,20230228,5660743161,5219612164643,,0,0,0,sold_out,699,0
1677566149,20230228,5660743161,3896744151644,,0,0,0,sold_out,812,0
1677567790,20230228,5660743161,4483921766790,,0,0,0,sold_out,505,0
1677569536,20230228,5660743161,5421179220669,,0,0,0,sold_out,765,0
1677571398,20230228,5660743161,3871409106922,,0,0,0,sold_out,821,0
1677573371,20230228,5660743161,4504385860066,,0,0,0,sold_out,718,0
1677574989,20230228,5660743161,3590664894926,,0,0,0,sold_out,776,0
1677576779,20230228,5660743161,4642211421689,,0,0,0,sold_out,777,0
1677578585,20230228,5660743161,4800602153035,,0,0,0,sold_out,490,0
1677580493,20230228,5660743161,4105232527281,,0,0,0,sold_out,504,0
1677582169,20230228,5660743161,5194487145315,,0,0,0,sold_out,884,0
1677583937,20230228,5660743161,4544360655323,,0,0,0,sold_out,646,0
1677585835,20230228,5660743161,5197400498378,,0,0,0,sold_out,566,0
1677588192,20230228,5660743161,3930693888448,,0,0,0,sold_out,805,0
1677589666,20230228,5660743161,3582096030455,,0,0,0,sold_out,645,0
1677591347,20230228,5660743161,3809312887706,,0,0,0,sold_out,770,0
1677592976,20230228,5660743161,5028393611141,,0,0,0,sold_out,640,0
1677594789,20230228,5660743161,3692445451777,,0,0,0,sold_out,775,0
1677596577,20230228,5660743161,3925663377088,,0,0,0,sold_out,797,0
1677598409,20230228,5660743161,4231268273479,,0,0,0,sold_out,499,0
1677600186,20230228,5660743161,4137812684600,,0,0,0,sold_out,690,0
1677602301,20230228,5660743161,5212654285567,,0,0,0,sold_out,786,0
1677603781,20230228,5660743161,4265980390666,,0,0,0,sold_out,749,0
1677605571,20230228,5660743161,4465974209625,,0,0,0,sold_out,674,0
1677607384,20230228,5660743161,5159627648051,,0,0,0,sold_out,472,0
1677609320,20230228,5660743161,3516019633928,,0,0,0,sold_out,909,0
1677610987,20230228,5660743161,4508645698340,,0,0,0,sold_out,718,0
1677612736,20230228,5660743161,3454080560793,,0,0,0,sold_out,464,0
1677614577,20230228,5660743161,3553805291408,,0,0,0,sold_out,538,0
1677616377,20230228,5660743161,4433804126335,,0,0,0,sold_out,821,0
1677618174,20230228,5660743161,4987113426671,,0,0,0,sold_out,668,0
1677619934,20230228,5660743161,5317786754546,,0,0,0,sold_out,883,0
1677621779,20230228,5660743161,4836095504680,,0,0,0,sold_out,886,0
1677623607,20230228,5660743161,4775174412897,,0,0,0,sold_out,618,0
1677625387,20230228,5660743161,4236817156859,,0,0,0,sold_out,549,0
1677627135,20230228,5660743161,5331557559928,,0,0,0,sold_out,876,0
1677629504,20230301,5660743161,5533337500424,,0,0,0,sold_out,823,0
1677631637,20230301,5660743161,3444331767797,,0,0,0,sold_out,888,0
1677634251,20230301,5660743161,5302762688035,,0,0,0,sold_out,817,0
1677637897,20230301,5660743161,3481464134461,,0,0,0,sold_out,855,0
1677640466,20230301,5660743161,4689183046390,,0,0,0,sold_out,584,0
1677641896,20230301,5660743161,3523178479279,,0,0,0,sold_out,771,0
1677643385,20230301,5660743161,5209236057222,,0,0,0,sold_out,503,0
1677645343,20230301,5660743161,5424672546229,,0,0,0,sold_out,920,0
1677646972,20230301,5660743161,5189576861351,,0,0,0,sold_out,494,0
1677648769,20230301,5660743161,3715567665298,,0,0,0,sold_out,533,0
1677650612,20230301,5660743161,4937405240108,,0,0,0,sold_out,546,0
1677652569,20230301,5660743161,4167036995373,,0,0,0,sold_out,670,0
1677654173,20230301,5660743161,5566775694157,,0,0,0,sold_out,722,0
1677655937,20230301,5660743161,3959719517735,,0,0,0,sold_out,651,0
1677657792,20230301,5660743161,3869442428323,,0,0,0,sold_out,522,0
1677659760,20230301,5660743161,3453138219237,,0,0,0,sold_out,671,0
1677661391,20230301,5660743161,4449251848073,,0,0,0,sold_out,705,0
1677663163,20230301,5660743161,4004259737078,,0,0,0,sold_out,707,0
1677664987,20230301,5660743161,5525061646281,,0,0,0,sold_out,733,0
1677666902,20230301,5660743161,4547083430014,,0,0,0,sold_out,901,0
1677668570,20230301,5660743161,5564751046249,,0,0,0,sold_out,518,0
1677670336,20230301,5660743161,3636741133876,,0,0,0,sold_out,768,0
1677672241,20230301,5660743161,3547340110629,,0,0,0,sold_out,742,0
1677674604,20230301,5660743161,5326397570666,,0,0,0,sold_out,870,0
1677676085,20230301,5660743161,4660849150275,,0,0,0,sold_out,864,0
1677677748,20230301,5660743161,3597116253402,,0,0,0,sold_out,595,0
1677679372,20230301,5660743161,5103923272376,,0,0,0,sold_out,858,0
1677681193,20230301,5660743161,4739804994165,,0,0,0,sold_out,892,0
1677682988,20230301,5660743161,4772833056408,,0,0,0,sold_out,918,0
1677684829,20230301,5660743161,4431475454661,,0,0,0,sold_out,494,0
1677686583,20230301,5660743161,4308719317802,,0,0,0,sold_out,506,0
1677688725,20230301,5660743161,4348239808559,,0,0,0,sold_out,574,0
1677690188,20230301,5660743161,4791698752001,,0,0,0,sold_out,711,0
1677692006,20230301,5660743161,5522393661836,,0,0,0,sold_out,492,0
1677693777,20230301,5660743161,4127939498387,,0,0,0,sold_out,553,0
1677695728,20230301,5660743161,4221140220009,,0,0,0,sold_out,615,0
1677697367,20230301,5660743161,4288740576325,,0,0,0,sold_out,479,0
1677699143,20230301,5660743161,4421184069143,,0,0,0,sold_out,821,0
1677700984,20230301,5660743161,4840876032451,,0,0,0,sold_out,474,0
1677702773,20230301,5660743161,5228394510429,,0,0,0,sold_out,796,0
1677704578,20230301,5660743161,4689183046390,,0,0,0,sold_out,584,0
1677706338,20230301,5660743161,4508645698340,,0,0,0,sold_out,718,0
1677708167,20230301,5660743161,4310505246618,,0,0,0,sold_out,768,0
1677709977,20230301,5660743161,4800006007695,,0,0,0,sold_out,652,0
1677711788,20230301,5660743161,4144117257472,,0,0,0,sold_out,528,0
1677713548,20230301,5660743161,3498459131566,,0,0,0,sold_out,601,0
1677715860,20230302,5660743161,5102929557299,,0,0,0,sold_out,739,0
1677718037,20230302,5660743161,3667133281725,,0,0,0,sold_out,638,0
1677720651,20230302,5660743161,4785553998474,,0,0,0,sold_out,772,0
1677724202,20230302,5660743161,3867520280285,,0,0,0,sold_out,863,0
1677725527,20230302,5660743161,4857460540587,,0,0,0,sold_out,497,0
1677726613,20230302,5660743161,4104753621265,,0,0,0,sold_out,603,0
1677728191,20230302,5660743161,4572717834236,,0,0,0,sold_out,795,0
1677729781,20230302,5660743161,4425342268596,,0,0,0,sold_out,554,0
1677731740,20230302,5660743161,5389707708773,,0,0,0,sold_out,830,0
1677733377,20230302,5660743161,3616342394688,,0,0,0,sold_out,579,0
1677735158,20230302,5660743161,4461956750343,,0,0,0,sold_out,916,0
1677736989,20230302,5660743161,4466796243458,,0,0,0,sold_out,615,0
1677738936,20230302,5660743161,4118497580374,,0,0,0,sold_out,856,0
1677740569,20230302,5660743161,5208284622719,,0,0,0,sold_out,781,0
1677742337,20230302,5660743161,4646873381688,,0,0,0,sold_out,583,0
1677744197,20230302,5660743161,5413325790640,,0,0,0,sold_out,795,0
1677746160,20230302,5660743161,4144435716915,,0,0,0,sold_out,643,0
1677747769,20230302,5660743161,4689183046390,,0,0,0,sold_out,584,0
1677749545,20230302,5660743161,5564751046249,,0,0,0,sold_out,518,0
1677751390,20230302,5660743161,5198045460768,,0,0,0,sold_out,633,0
1677753272,20230302,5660743161,4672485109628,,0,0,0,sold_out,878,0
1677754976,20230302,5660743161,3541017713575,,0,0,0,sold_out,808,0
1677756734,20230302,5660743161,3886476056595,,0,0,0,sold_out,479,0
1677758631,20230302,5660743161,4994103182346,,0,0,0,sold_out,488,0
1677760965,20230302,5660743161,3979882224444,,0,0,0,sold_out,617,0
1677762467,20230302,5660743161,3893638805057,,0,0,0,sold_out,525,0
1677764291,20230302,5660743161,5173575878336,,0,0,0,sold_out,727,0
1677765777,20230302,5660743161,3583204102960,,0,0,0,sold_out,573,0
1677767587,20230302,5660743161,5376200581219,,0,0,0,sold_out,598,0
1677769374,20230302,5660743161,4199819013208,,0,0,0,sold_out,606,0
1677771233,20230302,5660743161,4880354439532,,0,0,0,sold_out,840,0
1677772996,20230302,5660743161,4642211421689,,0,0,0,sold_out,777,0
1677775111,20230302,5660743161,4826099410472,,0,0,0,sold_out,835,0
1677776584,20230302,5660743161,4143120705554,,0,0,0,sold_out,819,0
1677778387,20230302,5660743161,4559835891191,,0,0,0,sold_out,694,0
1677780189,20230302,5660743161,3502532147533,,0,0,0,sold_out,597,0
1677782232,20230302,5660743161,4236817156859,,0,0,0,sold_out,549,0
1677783785,20230302,5660743161,3444331767797,,0,0,0,sold_out,888,0
1677785548,20230302,5660743161,3889587588134,,0,0,0,sold_out,598,0
1677787392,20230302,5660743161,5210712116118,,0,0,0,sold_out,917,0
1677789170,20230302,5660743161,4261369363209,,0,0,0,sold_out,877,0
1677790983,20230302,5660743161,4887860278368,,0,0,0,sold_out,465,0
1677792736,20230302,5660743161,3608626118445,,0,0,0,sold_out,560,0
1677794564,20230302,5660743161,4214905529885,,0,0,0,sold_out,917,0
1677796374,20230302,5660743161,4300337368533,,0,0,0,sold_out,661,0
1677798169,20230302,5660743161,4199795800683,,0,0,0,sold_out,738,0
1677808221,20230303,5660743161,3580106102380,,0,0,0,sold_out,500,0
1677812471,20230303,5660743161,4370752931708,,0,0,0,sold_out,902,0
1677818701,20230303,5660743161,3855544414290,,0,0,0,sold_out,719,0
1677820013,20230303,5660743161,5289413209519,,0,0,0,sold_out,892,0
1677821625,20230303,5660743161,5306068648201,,0,0,0,sold_out,632,0
1677823397,20230303,5660743161,5053632869295,,0,0,0,sold_out,525,0
1677825316,20230303,5660743161,4433804126335,,0,0,0,sold_out,821,0
1677826980,20230303,5660743161,4813335056772,,0,0,0,sold_out,462,0
1677828740,20230303,5660743161,5015810297298,,0,0,0,sold_out,846,0
1677830595,20230303,5660743161,4687545493446,,0,0,0,sold_out,907,0
1677832497,20230303,5660743161,4898102861076,,0,0,0,sold_out,888,0
1677834180,20230303,5660743161,5470800085933,,0,0,0,sold_out,836,0
1677835945,20230303,5660743161,4029234209731,,0,0,0,sold_out,896,0
1677837775,20230303,5660743161,4520820786711,,0,0,0,sold_out,720,0
1677839665,20230303,5660743161,3947776265391,,0,0,0,sold_out,671,0
1677841370,20230303,5660743161,4084134836740,,0,0,0,sold_out,541,0
1677843132,20230303,5660743161,4800006007695,,0,0,0,sold_out,652,0
1677845031,20230303,5660743161,4804795273130,,0,0,0,sold_out,660,0
1677847325,20230303,5660743161,5540210919719,,0,0,0,sold_out,487,0
1677848825,20230303,5660743161,4915889159800,,0,0,0,sold_out,770,0
1677850467,20230303,5660743161,5028393611141,,0,0,0,sold_out,640,0
1677852159,20230303,5660743161,4118497580374,,0,0,0,sold_out,856,0
1677853960,20230303,5660743161,3536954651902,,0,0,0,sold_out,532,0
1677855773,20230303,5660743161,3881588445695,,0,0,0,sold_out,574,0
1677857571,20230303,5660743161,4223619853147,,0,0,0,sold_out,536,0
1677859379,20230303,5660743161,4179159384377,,0,0,0,sold_out,765,0
1677861450,20230303,5660743161,4947904471948,,0,0,0,sold_out,470,0
1677862961,20230303,5660743161,3498459131566,,0,0,0,sold_out,601,0
1677864749,20230303,5660743161,4774913072287,,0,0,0,sold_out,683,0
1677866591,20230303,5660743161,3552058581753,,0,0,0,sold_out,675,0
1677868478,20230303,5660743161,4089020305314,,0,0,0,sold_out,629,0
1677870158,20230303,5660743161,5010638667470,,0,0,0,sold_out,835,0
1677871947,20230303,5660743161,3947776265391,,0,0,0,sold_out,671,0
1677873788,20230303,5660743161,5249111068751,,0,0,0,sold_out,638,0
1677875550,20230303,5660743161,5454455252434,,0,0,0,sold_out,563,0
1677877374,20230303,5660743161,3410658787524,,0,0,0,sold_out,918,0
1677879145,20230303,5660743161,4897709646138,,0,0,0,sold_out,762,0
1677880982,20230303,5660743161,3519944505419,,0,0,0,sold_out,920,0
1677882793,20230303,5660743161,4885412656722,,0,0,0,sold_out,736,0
1677884584,20230303,5660743161,4349557372672,,0,0,0,sold_out,497,0
1677886340,20230303,5660743161,4915889159800,,0,0,0,sold_out,770,0
1677888582,20230304,5660743161,4433804126335,,0,0,0,sold_out,821,0
1677890824,20230304,5660743161,4703958649270,,0,0,0,sold_out,735,0
1677893403,20230304,5660743161,4646873381688,,0,0,0,sold_out,583,0
1677895533,20230304,5660743161,4820642989391,,0,0,0,sold_out,704,0
1677897900,20230304,5660743161,5307697735611,,0,0,0,sold_out,849,0
1677899045,20230304,5660743161,4040899813744,,0,0,0,sold_out,704,0
1677900767,20230304,5660743161,5409335250075,,0,0,0,sold_out,596,0
1677902575,20230304,5660743161,4967613697077,,0,0,0,sold_out,498,0
1677904528,20230304,5660743161,5102011191334,,0,0,0,sold_out,561,0
1677906161,20230304,5660743161,4880635246380,,0,0,0,sold_out,553,0
1677907935,20230304,5660743161,3674993651887,,0,0,0,sold_out,891,0
1677909785,20230304,5660743161,4263939924226,,0,0,0,sold_out,719,0
1677911677,20230304,5660743161,4331197119903,,0,0,0,sold_out,665,0
1677913371,20230304,5660743161,4167036995373,,0,0,0,sold_out,670,0
1677915130,20230304,5660743161,3679849547832,,0,0,0,sold_out,539,0
1677916972,20230304,5660743161,3770477513043,,0,0,0,sold_out,845,0
1677918841,20230304,5660743161,4641390360624,,0,0,0,sold_out,493,0
1677920576,20230304,5660743161,4622127601146,,0,0,0,sold_out,700,0
1677922332,20230304,5660743161,4425524664650,,0,0,0,sold_out,773,0
1677924167,20230304,5660743161,4857460540587,,0,0,0,sold_out,497,0
1677925980,20230304,5660743161,4132504655785,,0,0,0,sold_out,622,0
1677927765,20230304,5660743161,5260308332069,,0,0,0,sold_out,761,0
1677929546,20230304,5660743161,3564094325569,,0,0,0,sold_out,785,0
1677931418,20230304,5660743161,4035967742775,,0,0,0,sold_out,898,0
1677933654,20230304,5660743161,5294590379834,,0,0,0,sold_out,592,0
1677935161,20230304,5660743161,4801804561354,,0,0,0,sold_out,896,0
1677936751,20230304,5660743161,4880354439532,,0,0,0,sold_out,840,0
1677938574,20230304,5660743161,5360007068033,,0,0,0,sold_out,915,0
1677940339,20230304,5660743161,4015948732383,,0,0,0,sold_out,659,0
1677942166,20230304,5660743161,3634421651140,,0,0,0,sold_out,805,0
1677943936,20230304,5660743161,4883071709599,,0,0,0,sold_out,746,0
1677945780,20230304,5660743161,4445389106142,,0,0,0,sold_out,755,0
1677947793,20230304,5660743161,3634421651140,,0,0,0,sold_out,805,0
1677949358,20230304,5660743161,5540037983602,,0,0,0,sold_out,712,0
1677951133,20230304,5660743161,5277573490031,,0,0,0,sold_out,749,0
1677952974,20230304,5660743161,3564094325569,,0,0,0,sold_out,785,0
1677954811,20230304,5660743161,4311656551866,,0,0,0,sold_out,878,0
1677956556,20230304,5660743161,4407310623527,,0,0,0,sold_out,760,0
1677958332,20230304,5660743161,4972777973415,,0,0,0,sold_out,837,0
1677960176,20230304,5660743161,3738740955328,,0,0,0,sold_out,876,0
1677961944,20230304,5660743161,4756974113022,,0,0,0,sold_out,475,0
1677963759,20230304,5660743161,5466841216584,,0,0,0,sold_out,602,0
1677965535,20230304,5660743161,3706108818445,,0,0,0,sold_out,539,0
1677967369,20230304,5660743161,4332018826383,,0,0,0,sold_out,606,0
1677969142,20230304,5660743161,3602442041220,,0,0,0,sold_out,470,0
1677970976,20230304,5660743161,4606141098807,,0,0,0,sold_out,675,0
1677972742,20230304,5660743161,4225322155184,,0,0,0,sold_out,564,0
1677975119,20230305,5660743161,3868517679859,,0,0,0,sold_out,712,0
1677977256,20230305,5660743161,4945402516201,,0,0,0,sold_out,766,0
1677979870,20230305,5660743161,4462234283554,,0,0,0,sold_out,641,0
1677983530,20230305,5660743161,4897709646138,,0,0,0,sold_out,762,0
1677986019,20230305,5660743161,5209236057222,,0,0,0,sold_out,503,0
1677987416,20230305,5660743161,3595838552563,,0,0,0,sold_out,911,0
1677988973,20230305,5660743161,5138954590829,,0,0,0,sold_out,889,0
1677990883,20230305,5660743161,5296208287516,,0,0,0,sold_out,593,0
1677992579,20230305,5660743161,4804795273130,,0,0,0,sold_out,660,0
1677994331,20230305,5660743161,3523293798488,,0,0,0,sold_out,846,0
1677996184,20230305,5660743161,5208284622719,,0,0,0,sold_out,781,0
1677998067,20230305,5660743161,4445389106142,,0,0,0,sold_out,755,0
1677999769,20230305,5660743161,4603670098610,,0,0,0,sold_out,718,0
1678001546,20230305,5660743161,5380035611604,,0,0,0,sold_out,660,0
1678003373,20230305,5660743161,4634398779395,,0,0,0,sold_out,749,0
1678005243,20230305,5660743161,5466841216584,,0,0,0,sold_out,602,0
1678006972,20230305,5660743161,4595235706784,,0,0,0,sold_out,638,0
1678008745,20230305,5660743161,3538986837410,,0,0,0,sold_out,595,0
1678010580,20230305,5660743161,4043712850512,,0,0,0,sold_out,477,0
1678012390,20230305,5660743161,4321775415168,,0,0,0,sold_out,540,0
1678014166,20230305,5660743161,4445389106142,,0,0,0,sold_out,755,0
1678015952,20230305,5660743161,4118497580374,,0,0,0,sold_out,856,0
1678017810,20230305,5660743161,3629124701109,,0,0,0,sold_out,631,0
1678020069,20230305,5660743161,4004259737078,,0,0,0,sold_out,707,0
1678021561,20230305,5660743161,3648832330454,,0,0,0,sold_out,678,0
1678023155,20230305,5660743161,3484425833291,,0,0,0,sold_out,525,0
1678024958,20230305,5660743161,4167036995373,,0,0,0,sold_out,670,0
1678026736,20230305,5660743161,4125114037201,,0,0,0,sold_out,518,0
1678028564,20230305,5660743161,4688111156658,,0,0,0,sold_out,735,0
1678030332,20230305,5660743161,4973554681995,,0,0,0,sold_out,847,0
1678032177,20230305,5660743161,3929261845780,,0,0,0,sold_out,796,0
1678034191,20230305,5660743161,5360007068033,,0,0,0,sold_out,915,0
1678035756,20230305,5660743161,4434110581389,,0,0,0,sold_out,814,0
1678037536,20230305,5660743161,4836095504680,,0,0,0,sold_out,886,0
1678039378,20230305,5660743161,4918052384613,,0,0,0,sold_out,716,0
1678041219,20230305,5660743161,3590664894926,,0,0,0,sold_out,776,0
1678042958,20230305,5660743161,3451108232648,,0,0,0,sold_out,833,0
1678044733,20230305,5660743161,4331197119903,,0,0,0,sold_out,665,0
1678046572,20230305,5660743161,3800536230625,,0,0,0,sold_out,598,0
1678048347,20230305,5660743161,4225322155184,,0,0,0,sold_out,564,0
1678050177,20230305,5660743161,5512089276022,,0,0,0,sold_out,708,0
1678051945,20230305,5660743161,5142673538753,,0,0,0,sold_out,563,0
1678053776,20230305,5660743161,4094926079770,,0,0,0,sold_out,538,0
