data/history/5660743161.csv
time,date,itemid,price,discount,price_before_discount,stock,sold,item_status,cmt_count,liked_count
1678055556,20230305,5660743161,3996621458375,,0,0,0,sold_out,569,0
1678057365,20230305,5660743161,4603670098610,,0,0,0,sold_out,718,0
1678059132,20230305,5660743161,4605294376878,,0,0,0,sold_out,686,0
1678061433,20230306,5660743161,5260308332069,,0,0,0,sold_out,761,0
1678063641,20230306,5660743161,4076753660899,,0,0,0,sold_out,521,0
1678066300,20230306,5660743161,3741101655797,,0,0,0,sold_out,891,0
1678069758,20230306,5660743161,3992883569682,,0,0,0,sold_out,479,0
1678071061,20230306,5660743161,3726592021215,,0,0,0,sold_out,840,0
1678072115,20230306,5660743161,4853613936340,,0,0,0,sold_out,728,0
1678073705,20230306,5660743161,5459447103391,,0,0,0,sold_out,718,0
1678075376,20230306,5660743161,5102929557299,,0,0,0,sold_out,739,0
1678077314,20230306,5660743161,3663590002503,,0,0,0,sold_out,730,0
1678078977,20230306,5660743161,4848311331227,,0,0,0,sold_out,742,0
1678080744,20230306,5660743161,4559326433991,,0,0,0,sold_out,831,0
1678082620,20230306,5660743161,5275491691357,,0,0,0,sold_out,740,0
1678084554,20230306,5660743161,5064447511263,,0,0,0,sold_out,598,0
1678086180,20230306,5660743161,3447618791782,,0,0,0,sold_out,852,0
1678087938,20230306,5660743161,5488815709524,,0,0,0,sold_out,520,0
1678089814,20230306,5660743161,4127939498387,,0,0,0,sold_out,553,0
1678091754,20230306,5660743161,4353254887141,,0,0,0,sold_out,669,0
1678093389,20230306,5660743161,3520097373325,,0,0,0,sold_out,541,0
1678095156,20230306,5660743161,5546149533161,,0,0,0,sold_out,558,0
1678096983,20230306,5660743161,4794300963432,,0,0,0,sold_out,469,0
1678098886,20230306,5660743161,3834603454555,,0,0,0,sold_out,862,0
1678100564,20230306,5660743161,4603670098610,,0,0,0,sold_out,718,0
1678102346,20230306,5660743161,4321775415168,,0,0,0,sold_out,540,0
1678104230,20230306,5660743161,5268288752144,,0,0,0,sold_out,756,0
1678106604,20230306,5660743161,3839493701785,,0,0,0,sold_out,685,0
1678108064,20230306,5660743161,4709919672730,,0,0,0,sold_out,545,0
1678109734,20230306,5660743161,3648245686702,,0,0,0,sold_out,922,0
1678111382,20230306,5660743161,4363207233995,,0,0,0,sold_out,534,0
1678113183,20230306,5660743161,4902792365256,,0,0,0,sold_out,845,0
1678114968,20230306,5660743161,5564921498667,,0,0,0,sold_out,623,0
1678116831,20230306,5660743161,3463428126737,,0,0,0,sold_out,807,0
1678118575,20230306,5660743161,4127939498387,,0,0,0,sold_out,553,0
1678120685,20230306,5660743161,3837781243596,,0,0,0,sold_out,879,0
1678122176,20230306,5660743161,3846990867345,,0,0,0,sold_out,689,0
1678123980,20230306,5660743161,4346961909443,,0,0,0,sold_out,566,0
1678127747,20230306,5660743161,4867069152573,,0,0,0,sold_out,910,0
1678129378,20230306,5660743161,4883829430705,,0,0,0,sold_out,585,0
1678131142,20230306,5660743161,4485400117999,,0,0,0,sold_out,746,0
1678132972,20230306,5660743161,4255802088722,,0,0,0,sold_out,546,0
1678134768,20230306,5660743161,4618420982444,,0,0,0,sold_out,812,0
1678136566,20230306,5660743161,5546149533161,,0,0,0,sold_out,558,0
1678138341,20230306,5660743161,3732929635853,,0,0,0,sold_out,858,0
1678140181,20230306,5660743161,4235137266754,,0,0,0,sold_out,802,0
1678142016,20230306,5660743161,4461956750343,,0,0,0,sold_out,916,0
1678143765,20230306,5660743161,4483921766790,,0,0,0,sold_out,505,0
1678145554,20230306,5660743161,4972777973415,,0,0,0,sold_out,837,0
1678147872,20230307,5660743161,3710918083909,,0,0,0,sold_out,478,0
1678150045,20230307,5660743161,5538134522488,,0,0,0,sold_out,726,0
1678152693,20230307,5660743161,4868048164975,,0,0,0,sold_out,909,0
1678156254,20230307,5660743161,5028373299656,,0,0,0,sold_out,739,0
1678158849,20230307,5660743161,4098189955034,,0,0,0,sold_out,705,0
1678160303,20230307,5660743161,5568228046739,,0,0,0,sold_out,900,0
1678161794,20230307,5660743161,5031555938547,,0,0,0,sold_out,591,0
1678163740,20230307,5660743161,4856150327115,,0,0,0,sold_out,485,0
1678165383,20230307,5660743161,4236817156859,,0,0,0,sold_out,549,0
1678167160,20230307,5660743161,5570618313392,,0,0,0,sold_out,468,0
1678168978,20230307,5660743161,4231513019675,,0,0,0,sold_out,755,0
1678170947,20230307,5660743161,4035967742775,,0,0,0,sold_out,898,0
1678172572,20230307,5660743161,4472365056866,,0,0,0,sold_out,860,0
1678174347,20230307,5660743161,3930693888448,,0,0,0,sold_out,805,0
1678176207,20230307,5660743161,4565900059142,,0,0,0,sold_out,658,0
1678178136,20230307,5660743161,4905509648557,,0,0,0,sold_out,608,0
1678179788,20230307,5660743161,3770066315584,,0,0,0,sold_out,867,0
1678181573,20230307,5660743161,5033826140568,,0,0,0,sold_out,855,0
1678183384,20230307,5660743161,4061744144738,,0,0,0,sold_out,832,0
1678185296,20230307,5660743161,5376532711271,,0,0,0,sold_out,713,0
1678186983,20230307,5660743161,5376070430890,,0,0,0,sold_out,705,0
1678188739,20230307,5660743161,3523293798488,,0,0,0,sold_out,846,0
1678190633,20230307,5660743161,3523178479279,,0,0,0,sold_out,771,0
1678193005,20230307,5660743161,4509335384130,,0,0,0,sold_out,892,0
1678194491,20230307,5660743161,4889583470227,,0,0,0,sold_out,785,0
1678196145,20230307,5660743161,4118718969325,,0,0,0,sold_out,598,0
1678197787,20230307,5660743161,4804795273130,,0,0,0,sold_out,660,0
1678199594,20230307,5660743161,5138954590829,,0,0,0,sold_out,889,0
1678201374,20230307,5660743161,4806235893091,,0,0,0,sold_out,578,0
1678203182,20230307,5660743161,4221140220009,,0,0,0,sold_out,615,0
1678204988,20230307,5660743161,5386343912380,,0,0,0,sold_out,797,0
1678207091,20230307,5660743161,4153879210186,,0,0,0,sold_out,831,0
1678208574,20230307,5660743161,3883963852335,,0,0,0,sold_out,831,0
1678210360,20230307,5660743161,5341339420369,,0,0,0,sold_out,615,0
1678212190,20230307,5660743161,4987857540090,,0,0,0,sold_out,511,0
1678214130,20230307,5660743161,4868095877908,,0,0,0,sold_out,520,0
1678215774,20230307,5660743161,4828651370817,,0,0,0,sold_out,780,0
1678217540,20230307,5660743161,5446788851208,,0,0,0,sold_out,595,0
1678219388,20230307,5660743161,4292306666560,,0,0,0,sold_out,736,0
1678221155,20230307,5660743161,3581485045045,,0,0,0,sold_out,806,0
1678222960,20230307,5660743161,4629526949480,,0,0,0,sold_out,764,0
1678224741,20230307,5660743161,3415966050048,,0,0,0,sold_out,699,0
1678226583,20230307,5660743161,5100734022251,,0,0,0,sold_out,700,0
1678228401,20230307,5660743161,4176355617301,,0,0,0,sold_out,667,0
1678230181,20230307,5660743161,3868747667644,,0,0,0,sold_out,643,0
1678231950,20230307,5660743161,4194488830167,,0,0,0,sold_out,844,0
1678234214,20230308,5660743161,5053632869295,,0,0,0,sold_out,525,0
1678236445,20230308,5660743161,3870329548721,,0,0,0,sold_out,914,0
1678239044,20230308,5660743161,5212654285567,,0,0,0,sold_out,786,0
1678242576,20230308,5660743161,3665409168738,,0,0,0,sold_out,921,0
1678243897,20230308,5660743161,3592201961142,,0,0,0,sold_out,640,0
1678244976,20230308,5660743161,4642211421689,,0,0,0,sold_out,777,0
1678246552,20230308,5660743161,5347650174253,,0,0,0,sold_out,578,0
1678248175,20230308,5660743161,3595838552563,,0,0,0,sold_out,911,0
1678250131,20230308,5660743161,3754782335346,,0,0,0,sold_out,792,0
1678251769,20230308,5660743161,3498459131566,,0,0,0,sold_out,601,0
1678253551,20230308,5660743161,3900446970337,,0,0,0,sold_out,758,0
1678255404,20230308,5660743161,4104753621265,,0,0,0,sold_out,603,0
1678257335,20230308,5660743161,3581713970481,,0,0,0,sold_out,648,0
